[    0.000000] Initializing cgroup subsys cpuset
[    0.000000] Initializing cgroup subsys cpu
[    0.000000] Initializing cgroup subsys cpuacct
[    0.000000] Linux version 4.4.0-127-generic (buildd@lcy01-amd64-023) (gcc version 5.4.0 20160609 (Ubuntu 5.4.0-6ubuntu1~16.04.9) ) #153-Ubuntu SMP Sat May 19 10:58:46 UTC 2018 (Ubuntu 4.4.0-127.153-generic 4.4.128)
[    0.000000] Command line: BOOT_IMAGE=/boot/vmlinuz-4.4.0-127-generic root=LABEL=cloudimg-rootfs ro console=tty1 console=ttyS0
[    0.000000] KERNEL supported cpus:
[    0.000000]   Intel GenuineIntel
[    0.000000]   AMD AuthenticAMD
[    0.000000]   Centaur CentaurHauls
[    0.000000] x86/fpu: xstate_offset[2]:  576, xstate_sizes[2]:  256
[    0.000000] x86/fpu: Supporting XSAVE feature 0x01: 'x87 floating point registers'
[    0.000000] x86/fpu: Supporting XSAVE feature 0x02: 'SSE registers'
[    0.000000] x86/fpu: Supporting XSAVE feature 0x04: 'AVX registers'
[    0.000000] x86/fpu: Enabled xstate features 0x7, context size is 832 bytes, using 'standard' format.
[    0.000000] x86/fpu: Using 'lazy' FPU context switches.
[    0.000000] e820: BIOS-provided physical RAM map:
[    0.000000] BIOS-e820: [mem 0x0000000000000000-0x000000000009fbff] usable
[    0.000000] BIOS-e820: [mem 0x000000000009fc00-0x000000000009ffff] reserved
[    0.000000] BIOS-e820: [mem 0x00000000000f0000-0x00000000000fffff] reserved
[    0.000000] BIOS-e820: [mem 0x0000000000100000-0x000000003ffeffff] usable
[    0.000000] BIOS-e820: [mem 0x000000003fff0000-0x000000003fffffff] ACPI data
[    0.000000] BIOS-e820: [mem 0x00000000fec00000-0x00000000fec00fff] reserved
[    0.000000] BIOS-e820: [mem 0x00000000fee00000-0x00000000fee00fff] reserved
[    0.000000] BIOS-e820: [mem 0x00000000fffc0000-0x00000000ffffffff] reserved
[    0.000000] NX (Execute Disable) protection: active
[    0.000000] SMBIOS 2.5 present.
[    0.000000] Hypervisor detected: KVM
[    0.000000] e820: last_pfn = 0x3fff0 max_arch_pfn = 0x400000000
[    0.000000] MTRR: Disabled
[    0.000000] x86/PAT: MTRRs disabled, skipping PAT initialization too.
[    0.000000] CPU MTRRs all blank - virtualized system.
[    0.000000] x86/PAT: Configuration [0-7]: WB  WT  UC- UC  WB  WT  UC- UC  
[    0.000000] found SMP MP-table at [mem 0x0009fff0-0x0009ffff] mapped at [ffff88000009fff0]
[    0.000000] Scanning 1 areas for low memory corruption
[    0.000000] RAMDISK: [mem 0x36aa4000-0x37549fff]
[    0.000000] ACPI: Early table checksum verification disabled
[    0.000000] ACPI: RSDP 0x00000000000E0000 000024 (v02 VBOX  )
[    0.000000] ACPI: XSDT 0x000000003FFF0030 00003C (v01 VBOX   VBOXXSDT 00000001 ASL  00000061)
[    0.000000] ACPI: FACP 0x000000003FFF00F0 0000F4 (v04 VBOX   VBOXFACP 00000001 ASL  00000061)
[    0.000000] ACPI: DSDT 0x000000003FFF0470 0022EA (v02 VBOX   VBOXBIOS 00000002 INTL 20100528)
[    0.000000] ACPI: FACS 0x000000003FFF0200 000040
[    0.000000] ACPI: FACS 0x000000003FFF0200 000040
[    0.000000] ACPI: APIC 0x000000003FFF0240 00005C (v02 VBOX   VBOXAPIC 00000001 ASL  00000061)
[    0.000000] ACPI: SSDT 0x000000003FFF02A0 0001CC (v01 VBOX   VBOXCPUT 00000002 INTL 20100528)
[    0.000000] No NUMA configuration found
[    0.000000] Faking a node at [mem 0x0000000000000000-0x000000003ffeffff]
[    0.000000] NODE_DATA(0) allocated [mem 0x3ffeb000-0x3ffeffff]
[    0.000000] kvm-clock: Using msrs 4b564d01 and 4b564d00
[    0.000000] kvm-clock: cpu 0, msr 0:3ffe3001, primary cpu clock
[    0.000000] kvm-clock: using sched offset of 4842508842 cycles
[    0.000000] clocksource: kvm-clock: mask: 0xffffffffffffffff max_cycles: 0x1cd42e4dffb, max_idle_ns: 881590591483 ns
[    0.000000] Zone ranges:
[    0.000000]   DMA      [mem 0x0000000000001000-0x0000000000ffffff]
[    0.000000]   DMA32    [mem 0x0000000001000000-0x000000003ffeffff]
[    0.000000]   Normal   empty
[    0.000000]   Device   empty
[    0.000000] Movable zone start for each node
[    0.000000] Early memory node ranges
[    0.000000]   node   0: [mem 0x0000000000001000-0x000000000009efff]
[    0.000000]   node   0: [mem 0x0000000000100000-0x000000003ffeffff]
[    0.000000] Initmem setup node 0 [mem 0x0000000000001000-0x000000003ffeffff]
[    0.000000] ACPI: PM-Timer IO Port: 0x4008
[    0.000000] IOAPIC[0]: apic_id 2, version 32, address 0xfec00000, GSI 0-23
[    0.000000] ACPI: INT_SRC_OVR (bus 0 bus_irq 0 global_irq 2 dfl dfl)
[    0.000000] ACPI: INT_SRC_OVR (bus 0 bus_irq 9 global_irq 9 low level)
[    0.000000] Using ACPI (MADT) for SMP configuration information
[    0.000000] smpboot: Allowing 2 CPUs, 0 hotplug CPUs
[    0.000000] PM: Registered nosave memory: [mem 0x00000000-0x00000fff]
[    0.000000] PM: Registered nosave memory: [mem 0x0009f000-0x0009ffff]
[    0.000000] PM: Registered nosave memory: [mem 0x000a0000-0x000effff]
[    0.000000] PM: Registered nosave memory: [mem 0x000f0000-0x000fffff]
[    0.000000] e820: [mem 0x40000000-0xfebfffff] available for PCI devices
[    0.000000] Booting paravirtualized kernel on KVM
[    0.000000] clocksource: refined-jiffies: mask: 0xffffffff max_cycles: 0xffffffff, max_idle_ns: 7645519600211568 ns
[    0.000000] setup_percpu: NR_CPUS:512 nr_cpumask_bits:512 nr_cpu_ids:2 nr_node_ids:1
[    0.000000] PERCPU: Embedded 34 pages/cpu @ffff88003fc00000 s99544 r8192 d31528 u1048576
[    0.000000] PV qspinlock hash table entries: 256 (order: 0, 4096 bytes)
[    0.000000] Built 1 zonelists in Node order, mobility grouping on.  Total pages: 257912
[    0.000000] Policy zone: DMA32
[    0.000000] Kernel command line: BOOT_IMAGE=/boot/vmlinuz-4.4.0-127-generic root=LABEL=cloudimg-rootfs ro console=tty1 console=ttyS0
[    0.000000] PID hash table entries: 4096 (order: 3, 32768 bytes)
[    0.000000] Memory: 1001616K/1048120K available (8537K kernel code, 1313K rwdata, 4000K rodata, 1512K init, 1316K bss, 46504K reserved, 0K cma-reserved)
[    0.000000] SLUB: HWalign=64, Order=0-3, MinObjects=0, CPUs=2, Nodes=1
[    0.000000] Kernel/User page tables isolation: enabled
[    0.000000] Hierarchical RCU implementation.
[    0.000000] 	Build-time adjustment of leaf fanout to 64.
[    0.000000] 	RCU restricting CPUs from NR_CPUS=512 to nr_cpu_ids=2.
[    0.000000] RCU: Adjusting geometry for rcu_fanout_leaf=64, nr_cpu_ids=2
[    0.000000] NR_IRQS:33024 nr_irqs:440 16
[    0.000000] Console: colour VGA+ 80x25
[    0.000000] console [tty1] enabled
[    0.000000] console [ttyS0] enabled
[    0.000000] tsc: Detected 3503.998 MHz processor
[    0.139561] Calibrating delay loop (skipped) preset value.. 7007.99 BogoMIPS (lpj=14015992)
[    0.141285] pid_max: default: 32768 minimum: 301
[    0.142246] ACPI: Core revision 20150930
[    0.144127] ACPI: 2 ACPI AML tables successfully acquired and loaded
[    0.145454] Security Framework initialized
[    0.146300] Yama: becoming mindful.
[    0.147303] AppArmor: AppArmor initialized
[    0.148457] Dentry cache hash table entries: 131072 (order: 8, 1048576 bytes)
[    0.151517] Inode-cache hash table entries: 65536 (order: 7, 524288 bytes)
[    0.152864] Mount-cache hash table entries: 2048 (order: 2, 16384 bytes)
[    0.154127] Mountpoint-cache hash table entries: 2048 (order: 2, 16384 bytes)
[    0.155608] Initializing cgroup subsys io
[    0.156437] Initializing cgroup subsys memory
[    0.157317] Initializing cgroup subsys devices
[    0.158209] Initializing cgroup subsys freezer
[    0.159099] Initializing cgroup subsys net_cls
[    0.160071] Initializing cgroup subsys perf_event
[    0.161007] Initializing cgroup subsys net_prio
[    0.161913] Initializing cgroup subsys hugetlb
[    0.162807] Initializing cgroup subsys pids
[    0.163729] CPU: Physical Processor ID: 0
[    0.164565] CPU: Processor Core ID: 0
[    0.166337] mce: CPU supports 0 MCE banks
[    0.167175] Last level iTLB entries: 4KB 64, 2MB 8, 4MB 8
[    0.168305] Last level dTLB entries: 4KB 64, 2MB 0, 4MB 0, 1GB 4
[    0.169442] Spectre V2 : Mitigation: Full generic retpoline
[    0.170508] Spectre V2 : Speculation control IBPB not-supported IBRS not-supported
[    0.171894] Spectre V2 : Filling RSB on context switch
[    0.173111] Speculative Store Bypass: Vulnerable
[    0.175828] Freeing SMP alternatives memory: 32K
[    0.184086] ftrace: allocating 32237 entries in 126 pages
[    0.233236] smpboot: APIC(0) Converting physical 0 to logical package 0
[    0.235061] smpboot: Max logical packages: 1
[    0.236123] x2apic enabled
[    0.236914] Switched APIC routing to physical x2apic.
[    0.238770] ..TIMER: vector=0x30 apic1=0 pin1=2 apic2=-1 pin2=-1
[    0.347523] smpboot: CPU0: Intel(R) Core(TM) i7-7567U CPU @ 3.50GHz (family: 0x6, model: 0x8e, stepping: 0x9)
[    0.350203] Performance Events: unsupported p6 CPU model 142 no PMU driver, software events only.
[    0.352301] KVM setup paravirtual spinlock
[    0.353966] x86: Booting SMP configuration:
[    0.355152] .... node  #0, CPUs:      #1
[    0.356188] kvm-clock: cpu 1, msr 0:3ffe3041, secondary cpu clock
[    0.358444] mce: CPU supports 0 MCE banks
[    0.361340] x86: Booted up 1 node, 2 CPUs
[    0.362572] smpboot: Total of 2 processors activated (14015.99 BogoMIPS)
[    0.364413] devtmpfs: initialized
[    0.366560] evm: security.selinux
[    0.367459] evm: security.SMACK64
[    0.368473] evm: security.SMACK64EXEC
[    0.369279] evm: security.SMACK64TRANSMUTE
[    0.370135] evm: security.SMACK64MMAP
[    0.370901] evm: security.ima
[    0.371559] evm: security.capability
[    0.372469] clocksource: jiffies: mask: 0xffffffff max_cycles: 0xffffffff, max_idle_ns: 7645041785100000 ns
[    0.374392] futex hash table entries: 512 (order: 3, 32768 bytes)
[    0.375686] pinctrl core: initialized pinctrl subsystem
[    0.376797] RTC time: 14:15:42, date: 09/30/19
[    0.377839] NET: Registered protocol family 16
[    0.388071] cpuidle: using governor ladder
[    0.400373] cpuidle: using governor menu
[    0.402257] PCCT header not found.
[    0.403548] ACPI: bus type PCI registered
[    0.404772] acpiphp: ACPI Hot Plug PCI Controller Driver version: 0.5
[    0.406380] PCI: Using configuration type 1 for base access
[    0.422321] ACPI: Added _OSI(Module Device)
[    0.424435] ACPI: Added _OSI(Processor Device)
[    0.425706] ACPI: Added _OSI(3.0 _SCP Extensions)
[    0.426980] ACPI: Added _OSI(Processor Aggregator Device)
[    0.429668] ACPI: Executed 1 blocks of module-level executable AML code
[    0.433367] ACPI: Interpreter enabled
[    0.434305] ACPI: (supports S0 S5)
[    0.435344] ACPI: Using IOAPIC for interrupt routing
[    0.436872] PCI: Using host bridge windows from ACPI; if necessary, use "pci=nocrs" and report a bug
[    0.442200] ACPI: PCI Root Bridge [PCI0] (domain 0000 [bus 00-ff])
[    0.443819] acpi PNP0A03:00: _OSC: OS supports [ASPM ClockPM Segments MSI]
[    0.445892] acpi PNP0A03:00: _OSC: not requesting OS control; OS requires [ExtendedConfig ASPM ClockPM MSI]
[    0.448198] acpi PNP0A03:00: fail to add MMCONFIG information, can't access extended PCI configuration space under this bridge.
[    0.450693] PCI host bridge to bus 0000:00
[    0.451656] pci_bus 0000:00: root bus resource [io  0x0000-0x0cf7 window]
[    0.452927] pci_bus 0000:00: root bus resource [io  0x0d00-0xffff window]
[    0.454284] pci_bus 0000:00: root bus resource [mem 0x000a0000-0x000bffff window]
[    0.455833] pci_bus 0000:00: root bus resource [mem 0x40000000-0xfdffffff window]
[    0.457359] pci_bus 0000:00: root bus resource [bus 00-ff]
[    0.460644] pci 0000:00:01.1: legacy IDE quirk: reg 0x10: [io  0x01f0-0x01f7]
[    0.461989] pci 0000:00:01.1: legacy IDE quirk: reg 0x14: [io  0x03f6]
[    0.470456] pci 0000:00:01.1: legacy IDE quirk: reg 0x18: [io  0x0170-0x0177]
[    0.472311] pci 0000:00:01.1: legacy IDE quirk: reg 0x1c: [io  0x0376]
[    0.485141] pci 0000:00:07.0: quirk: [io  0x4000-0x403f] claimed by PIIX4 ACPI
[    0.486967] pci 0000:00:07.0: quirk: [io  0x4100-0x410f] claimed by PIIX4 SMB
[    0.492532] ACPI: PCI Interrupt Link [LNKA] (IRQs 5 9 10 *11)
[    0.494451] ACPI: PCI Interrupt Link [LNKB] (IRQs 5 9 *10 11)
[    0.496131] ACPI: PCI Interrupt Link [LNKC] (IRQs 5 *9 10 11)
[    0.497579] ACPI: PCI Interrupt Link [LNKD] (IRQs 5 9 10 *11)
[    0.499095] ACPI: Enabled 2 GPEs in block 00 to 07
[    0.500384] vgaarb: setting as boot device: PCI:0000:00:02.0
[    0.501491] vgaarb: device added: PCI:0000:00:02.0,decodes=io+mem,owns=io+mem,locks=none
[    0.503145] vgaarb: loaded
[    0.503764] vgaarb: bridge control possible 0000:00:02.0
[    0.505015] SCSI subsystem initialized
[    0.505899] ACPI: bus type USB registered
[    0.506744] usbcore: registered new interface driver usbfs
[    0.507810] usbcore: registered new interface driver hub
[    0.508893] usbcore: registered new device driver usb
[    0.511389] PCI: Using ACPI for IRQ routing
[    0.512574] NetLabel: Initializing
[    0.513310] NetLabel:  domain hash size = 128
[    0.514191] NetLabel:  protocols = UNLABELED CIPSOv4
[    0.515221] NetLabel:  unlabeled traffic allowed by default
[    0.516491] amd_nb: Cannot enumerate AMD northbridges
[    0.517878] clocksource: Switched to clocksource kvm-clock
[    0.525650] AppArmor: AppArmor Filesystem Enabled
[    0.526818] pnp: PnP ACPI init
[    0.528562] pnp: PnP ACPI: found 3 devices
[    0.537407] clocksource: acpi_pm: mask: 0xffffff max_cycles: 0xffffff, max_idle_ns: 2085701024 ns
[    0.539687] NET: Registered protocol family 2
[    0.540699] TCP established hash table entries: 8192 (order: 4, 65536 bytes)
[    0.542019] TCP bind hash table entries: 8192 (order: 5, 131072 bytes)
[    0.543331] TCP: Hash tables configured (established 8192 bind 8192)
[    0.544545] UDP hash table entries: 512 (order: 2, 16384 bytes)
[    0.545684] UDP-Lite hash table entries: 512 (order: 2, 16384 bytes)
[    0.546944] NET: Registered protocol family 1
[    0.547841] pci 0000:00:00.0: Limiting direct PCI/PCI transfers
[    0.549007] pci 0000:00:01.0: Activating ISA DMA hang workarounds
[    0.550317] Unpacking initramfs...
[    2.192089] Freeing initrd memory: 10904K
[    2.193407] platform rtc_cmos: registered platform RTC device (no PNP device found)
[    2.195948] Scanning for low memory corruption every 60 seconds
[    2.197613] audit: initializing netlink subsys (disabled)
[    2.199109] audit: type=2000 audit(1569852949.947:1): initialized
[    2.200462] Initialise system trusted keyring
[    2.201466] HugeTLB registered 2 MB page size, pre-allocated 0 pages
[    2.203699] zbud: loaded
[    2.204627] VFS: Disk quotas dquot_6.6.0
[    2.205593] VFS: Dquot-cache hash table entries: 512 (order 0, 4096 bytes)
[    2.207499] squashfs: version 4.0 (2009/01/31) Phillip Lougher
[    2.209206] fuse init (API version 7.23)
[    2.210326] Key type big_key registered
[    2.211395] Allocating IMA MOK and blacklist keyrings.
[    2.213748] Key type asymmetric registered
[    2.214717] Asymmetric key parser 'x509' registered
[    2.216022] Block layer SCSI generic (bsg) driver version 0.4 loaded (major 249)
[    2.218065] io scheduler noop registered
[    2.219097] io scheduler deadline registered (default)
[    2.221074] io scheduler cfq registered
[    2.222744] pci_hotplug: PCI Hot Plug PCI Core version: 0.5
[    2.224722] pciehp: PCI Express Hot Plug Controller Driver version: 0.4
[    2.227142] ACPI: AC Adapter [AC] (on-line)
[    2.228568] input: Power Button as /devices/LNXSYSTM:00/LNXPWRBN:00/input/input0
[    2.230564] ACPI: Power Button [PWRF]
[    2.231751] input: Sleep Button as /devices/LNXSYSTM:00/LNXSLPBN:00/input/input1
[    2.233832] ACPI: Sleep Button [SLPF]
[    2.235127] GHES: HEST is not enabled!
[    2.236453] ACPI: Battery Slot [BAT0] (battery present)
[    2.238300] Serial: 8250/16550 driver, 32 ports, IRQ sharing enabled
[    2.261526] 00:02: ttyS0 at I/O 0x3f8 (irq = 4, base_baud = 115200) is a 16550A
[    2.268118] Linux agpgart interface v0.103
[    2.272341] loop: module loaded
[    2.274798] scsi host0: ata_piix
[    2.276178] scsi host1: ata_piix
[    2.277434] ata1: PATA max UDMA/33 cmd 0x1f0 ctl 0x3f6 bmdma 0xd000 irq 14
[    2.279550] ata2: PATA max UDMA/33 cmd 0x170 ctl 0x376 bmdma 0xd008 irq 15
[    2.282373] libphy: Fixed MDIO Bus: probed
[    2.283751] tun: Universal TUN/TAP device driver, 1.6
[    2.285558] tun: (C) 1999-2004 Max Krasnyansky <maxk@qualcomm.com>
[    2.287938] PPP generic driver version 2.4.2
[    2.289724] ehci_hcd: USB 2.0 'Enhanced' Host Controller (EHCI) Driver
[    2.291905] ehci-pci: EHCI PCI platform driver
[    2.293280] ehci-platform: EHCI generic platform driver
[    2.294830] ohci_hcd: USB 1.1 'Open' Host Controller (OHCI) Driver
[    2.296331] ohci-pci: OHCI PCI platform driver
[    2.297504] ohci-platform: OHCI generic platform driver
[    2.298881] uhci_hcd: USB Universal Host Controller Interface driver
[    2.300317] i8042: PNP: PS/2 Controller [PNP0303:PS2K,PNP0f03:PS2M] at 0x60,0x64 irq 1,12
[    2.303309] serio: i8042 KBD port at 0x60,0x64 irq 1
[    2.306324] serio: i8042 AUX port at 0x60,0x64 irq 12
[    2.308377] mousedev: PS/2 mouse device common for all mice
[    2.310321] input: AT Translated Set 2 keyboard as /devices/platform/i8042/serio0/input/input2
[    2.313450] rtc_cmos rtc_cmos: rtc core: registered rtc_cmos as rtc0
[    2.316942] rtc_cmos rtc_cmos: alarms up to one day, 114 bytes nvram
[    2.319953] i2c /dev entries driver
[    2.321570] device-mapper: uevent: version 1.0.3
[    2.323973] device-mapper: ioctl: 4.34.0-ioctl (2015-10-28) initialised: dm-devel@redhat.com
[    2.326608] ledtrig-cpu: registered to indicate activity on CPUs
[    2.329353] NET: Registered protocol family 10
[    2.331269] NET: Registered protocol family 17
[    2.332638] Key type dns_resolver registered
[    2.334649] registered taskstats version 1
[    2.336057] Loading compiled-in X.509 certificates
[    2.338377] Loaded X.509 cert 'Build time autogenerated kernel key: 9f6f572a3ee0cb468eb8db4aa61815bc74ef6adb'
[    2.341534] zswap: loaded using pool lzo/zbud
[    2.345456] Key type trusted registered
[    2.350902] Key type encrypted registered
[    2.352136] AppArmor: AppArmor sha1 policy hashing enabled
[    2.353636] ima: No TPM chip found, activating TPM-bypass!
[    2.355126] evm: HMAC attrs: 0x1
[    2.356526]   Magic number: 3:478:284
[    2.357732] rtc_cmos rtc_cmos: setting system clock to 2019-09-30 14:15:44 UTC (1569852944)
[    2.360371] BIOS EDD facility v0.16 2004-Jun-25, 0 devices found
[    2.361981] EDD information not available.
[    2.439613] Freeing unused kernel memory: 1512K
[    2.440745] Write protecting the kernel read-only data: 14336k
[    2.442541] Freeing unused kernel memory: 1692K
[    2.443912] Freeing unused kernel memory: 96K
Loading, please wait...
starting version 229
[    2.456876] random: systemd-udevd: uninitialized urandom read (16 bytes read, 3 bits of entropy available)
[    2.457321] random: udevadm: uninitialized urandom read (16 bytes read, 3 bits of entropy available)
[    2.457340] random: udevadm: uninitialized urandom read (16 bytes read, 3 bits of entropy available)
[    2.466179] random: systemd-udevd: uninitialized urandom read (16 bytes read, 3 bits of entropy available)
[    2.466748] random: udevadm: uninitialized urandom read (16 bytes read, 3 bits of entropy available)
[    2.466792] random: udevadm: uninitialized urandom read (16 bytes read, 3 bits of entropy available)
[    2.466929] random: udevadm: uninitialized urandom read (16 bytes read, 3 bits of entropy available)
[    2.466981] random: udevadm: uninitialized urandom read (16 bytes read, 3 bits of entropy available)
[    2.467031] random: udevadm: uninitialized urandom read (16 bytes read, 3 bits of entropy available)
[    2.467084] random: udevadm: uninitialized urandom read (16 bytes read, 3 bits of entropy available)
[    2.502547] e1000: Intel(R) PRO/1000 Network Driver - version 7.3.21-k8-NAPI
[    2.504255] e1000: Copyright (c) 1999-2006 Intel Corporation.
[    2.508068] Fusion MPT base driver 3.04.20
[    2.509147] Copyright (c) 1999-2008 LSI Corporation
[    2.526906] Fusion MPT SPI Host driver 3.04.20
[    2.531417] AVX2 version of gcm_enc/dec engaged.
[    2.532673] AES CTR mode by8 optimization enabled
[    2.736920] input: ImExPS/2 Generic Explorer Mouse as /devices/platform/i8042/serio1/input/input4
[    3.173499] e1000 0000:00:03.0 eth0: (PCI:33MHz:32-bit) 02:70:57:db:6d:ee
[    3.176019] e1000 0000:00:03.0 eth0: Intel(R) PRO/1000 Network Connection
[    3.178503] mptbase: ioc0: Initiating bringup
[    3.180111] e1000 0000:00:03.0 enp0s3: renamed from eth0
[    3.190698] tsc: Refined TSC clocksource calibration: 3503.838 MHz
[    3.193789] clocksource: tsc: mask: 0xffffffffffffffff max_cycles: 0x32817a564a1, max_idle_ns: 440795276674 ns
[    3.246399] ioc0: LSI53C1030 A0: Capabilities={Initiator}
[    3.408525] scsi host2: ioc0: LSI53C1030 A0, FwRev=00000000h, Ports=1, MaxQ=256, IRQ=20
[    3.523941] scsi 2:0:0:0: Direct-Access     VBOX     HARDDISK         1.0  PQ: 0 ANSI: 5
[    3.526661] scsi target2:0:0: Beginning Domain Validation
[    3.528741] scsi target2:0:0: Domain Validation skipping write tests
[    3.530042] scsi target2:0:0: Ending Domain Validation
[    3.531221] scsi target2:0:0: asynchronous
[    3.532386] scsi 2:0:1:0: Direct-Access     VBOX     HARDDISK         1.0  PQ: 0 ANSI: 5
[    3.534196] scsi target2:0:1: Beginning Domain Validation
[    3.535894] scsi target2:0:1: Domain Validation skipping write tests
[    3.544875] scsi target2:0:1: Ending Domain Validation
[    3.546554] scsi target2:0:1: asynchronous
[    3.553262] sd 2:0:0:0: Attached scsi generic sg0 type 0
[    3.554490] sd 2:0:0:0: [sda] 20971520 512-byte logical blocks: (10.7 GB/10.0 GiB)
[    3.556183] sd 2:0:1:0: Attached scsi generic sg1 type 0
[    3.557380] sd 2:0:1:0: [sdb] 20480 512-byte logical blocks: (10.5 MB/10.0 MiB)
[    3.558015] sd 2:0:0:0: [sda] Write Protect is off
[    3.558126] sd 2:0:0:0: [sda] Incomplete mode parameter data
[    3.558127] sd 2:0:0:0: [sda] Assuming drive cache: write through
[    3.560337]  sda: sda1
[    3.560756] sd 2:0:0:0: [sda] Attached SCSI disk
[    3.564578] sd 2:0:1:0: [sdb] Write Protect is off
[    3.566112] sd 2:0:1:0: [sdb] Incomplete mode parameter data
[    3.567217] sd 2:0:1:0: [sdb] Assuming drive cache: write through
[    3.570427] sd 2:0:1:0: [sdb] Attached SCSI disk
Begin: Loading essential drivers ... [    5.215280] md: linear personality registered for level -1
[    5.218412] md: multipath personality registered for level -4
[    5.221542] md: raid0 personality registered for level 0
[    5.225448] md: raid1 personality registered for level 1
[    5.298393] raid6: sse2x1   gen() 13475 MB/s
[    5.365894] raid6: sse2x1   xor()  9886 MB/s
[    5.434233] raid6: sse2x2   gen() 16291 MB/s
[    5.501968] raid6: sse2x2   xor() 11364 MB/s
[    5.570002] raid6: sse2x4   gen() 13985 MB/s
[    5.638599] raid6: sse2x4   xor() 10779 MB/s
[    5.705890] raid6: avx2x1   gen() 26303 MB/s
[    5.775996] raid6: avx2x2   gen() 30476 MB/s
[    5.842172] raid6: avx2x4   gen() 33889 MB/s
[    5.843453] raid6: using algorithm avx2x4 gen() 33889 MB/s
[    5.844690] raid6: using avx2x2 recovery algorithm
[    5.846843] xor: automatically using best checksumming function:
[    5.885924]    avx       : 21645.000 MB/sec
[    5.888274] async_tx: api initialized (async)
[    5.895429] md: raid6 personality registered for level 6
[    5.897134] md: raid5 personality registered for level 5
[    5.898473] md: raid4 personality registered for level 4
[    5.903498] md: raid10 personality registered for level 10
done.
Begin: Running /scripts/init-premount ... done.
Begin: Mounting root file system ... Begin: Running /scripts/local-top ... done.
Begin: Running /scripts/local-premount ... [    5.931348] Btrfs loaded
Scanning for Btrfs filesystems
done.
Warning: fsck not present, so skipping root file system
[    5.982157] EXT4-fs (sda1): mounted filesystem with ordered data mode. Opts: (null)
done.
Begin: Running /scripts/local-bottom ... done.
Begin: Running /scripts/init-bottom ... done.
[    6.293087] systemd[1]: systemd 229 running in system mode. (+PAM +AUDIT +SELINUX +IMA +APPARMOR +SMACK +SYSVINIT +UTMP +LIBCRYPTSETUP +GCRYPT +GNUTLS +ACL +XZ -LZ4 +SECCOMP +BLKID +ELFUTILS +KMOD -IDN)
[    6.297467] systemd[1]: Detected virtualization oracle.
[    6.298615] systemd[1]: Detected architecture x86-64.

Welcome to [1mUbuntu 16.04.4 LTS[0m!

[    6.315854] systemd[1]: Set hostname to <ubuntu>.
[    6.341117] systemd[1]: Initializing machine ID from random generator.
[    6.344221] systemd[1]: Installed transient /etc/machine-id file.
[    6.626639] systemd[1]: Reached target Swap.
[[0;32m  OK  [0m] Reached target Swap.
[    6.628635] systemd[1]: Reached target User and Group Name Lookups.
[[0;32m  OK  [0m] Reached target User and Group Name Lookups.
[    6.631496] systemd[1]: Reached target System Time Synchronized.
[[0;32m  OK  [0m] Reached target System Time Synchronized.
[    6.637919] systemd[1]: Listening on /dev/initctl Compatibility Named Pipe.
[[0;32m  OK  [0m] Listening on /dev/initctl Compatibility Named Pipe.
[    6.642731] systemd[1]: Listening on Journal Socket (/dev/log).
[[0;32m  OK  [0m] Listening on Journal Socket (/dev/log).
[    6.646096] systemd[1]: Reached target Encrypted Volumes.
[[0;32m  OK  [0m] Reached target Encrypted Volumes.
[    6.651429] systemd[1]: Created slice System Slice.
[[0;32m  OK  [0m] Created slice System Slice.
[    6.656622] systemd[1]: Listening on Device-mapper event daemon FIFOs.
[[0;32m  OK  [0m] Listening on Device-mapper event daemon FIFOs.
[    6.662816] systemd[1]: Listening on Journal Audit Socket.
[[0;32m  OK  [0m] Listening on Journal Audit Socket.
[    6.668452] systemd[1]: Listening on udev Control Socket.
[[0;32m  OK  [0m] Listening on udev Control Socket.
[    6.673697] systemd[1]: Set up automount Arbitrary Executable File Formats File System Automount Point.
[[0;32m  OK  [0m] Set up automount Arbitrary Executab...ats File System Automount Point.
[    6.682401] systemd[1]: Listening on LVM2 metadata daemon socket.
[[0;32m  OK  [0m] Listening on LVM2 metadata daemon socket.
[    6.690020] systemd[1]: Created slice system-serial\x2dgetty.slice.
[[0;32m  OK  [0m] Created slice system-serial\x2dgetty.slice.
[    6.696752] systemd[1]: Started Trigger resolvconf update for networkd DNS.
[[0;32m  OK  [0m] Started Trigger resolvconf update for networkd DNS.
[    6.704662] systemd[1]: Listening on LVM2 poll daemon socket.
[[0;32m  OK  [0m] Listening on LVM2 poll daemon socket.
[    6.708149] systemd[1]: Listening on udev Kernel Socket.
[[0;32m  OK  [0m] Listening on udev Kernel Socket.
[    6.710730] systemd[1]: Listening on Syslog Socket.
[[0;32m  OK  [0m] Listening on Syslog Socket.
[    6.718785] systemd[1]: Listening on Journal Socket.
[[0;32m  OK  [0m] Listening on Journal Socket.
[    6.734582] systemd[1]: Starting Set console keymap...
         Starting Set console keymap...
[    6.749081] systemd[1]: Starting Load Kernel Modules...
         Starting Load Kernel Modules...
[    6.752629] systemd[1]: Starting Nameserver information manager...
         Starting Nameserver information manager...
[    6.756427] systemd[1]: Starting Monitoring of LVM2 mirrors, snapshots etc. using dmeventd or progress polling...
         Starting Monitoring of LVM2 mirrors... dmeventd or progress polling...
[    6.767662] systemd[1]: Mounting POSIX Message Queue File System...
[    6.768251] random: nonblocking pool is initialized
         Mounting POSIX Message Queue File System...
[    6.773409] systemd[1]: Mounting Debug File System...
         Mounting Debug File System...
[    6.776789] systemd[1]: Starting Remount Root and Kernel File Systems...
         Starting Remount Root and Kernel File Systems...
[    6.788100] systemd[1]: Starting Uncomplicated firewall...
[    6.789858] EXT4-fs (sda1): re-mounted. Opts: (null)
         Starting Uncomplicated firewall...
[    6.794546] systemd[1]: Mounting Huge Pages File System...
         Mounting Huge Pages File System...
[    6.801324] systemd[1]: Started Forward Password Requests to Wall Directory Watch.
[[0;32m  OK  [0m] Started Forward Password Requests to Wall Directory Watch.
[    6.808578] systemd[1]: Starting Create list of required static device nodes for the current kernel...
         Startin[    6.812059] Loading iSCSI transport class v2.0-870.
g Create list of required st... nodes for the current kernel...
[    6.815353] systemd[1]: Starting Journal Service...
         Starting Journal Service...
[    6.817593] systemd[1]: Created slice User and Session Slice.
[[0;32m  OK  [0m] Created slice User and Session Slice.
[    6.820769] systemd[1]: Reached target Slices.
[[0;32m  OK  [0m] Reached target Slices.
[    6.824226] systemd[1]: Mounted POSIX Message Queue File System.
[[0;32m  OK  [0m] Mounted POSIX Message Queue File System.
[    6.827317] systemd[1]: Mounted Huge Pages File System.
[[0;32m  OK  [0m] Mounted Huge Pages File System.
[    6.829817] systemd[1]: Mounted Debug File System.
[[0;32m  OK  [0m] Mounted Debug File System.
[    6.832888] systemd[1]: Started Remount Root and Kernel File Systems.
[[0;32m  OK  [0m] Started Remount Root and Kernel File Systems.
[    6.837479] systemd[1]: Started Uncomplicated firewall.
[[0;32m  OK  [0m] Started Uncomplicated firewall.
[    6.840204] systemd[1]: Started Set console keymap.
[[0;32m  OK  [0m] Started Set console keymap.
[    6.843075] iscsi: registered transport (tcp)
[    6.843543] systemd[1]: Started Create list of required static device nodes for the current kernel.
[[0;32m  OK  [0m] Started Create list of required sta...ce nodes for the current kernel.
[    6.866216] systemd[1]: Started Nameserver information manager.
[[0;32m  OK  [0m] Started Nameserver information manager.
[    6.870751] systemd[1]: Started Journal Service.
[[0;32m  OK  [0m] Started Journal Service.
[    6.876249] iscsi: registered transport (iser)
[[0;32m  OK  [0m] Started Load Kernel Modules.
         Mounting FUSE Control File System...
         Starting Apply Kernel Variables...
[[0;32m  OK  [0m] Started LVM2 metadata daemon.
         Starting Create Static Device Nodes in /dev...
         Starting Flush Journal to Persistent Storage...
         Starting udev Coldplug all Devices...
         Starting Load/Save Random Seed...
[[0;32m  OK  [0m] Mounted FUSE Control File System.
[[0;32m  OK  [0m] Started Load/Save Random Seed.
[    6.953702] systemd-journald[399]: Received request to flush runtime journal from PID 1
[[0;32m  OK  [0m] Started Apply Kernel Variables.
[[0;32m  OK  [0m] Started Flush Journal to Persistent Storage.
[[0;32m  OK  [0m] Started Create Static Device Nodes in /dev.
         Starting udev Kernel Device Manager...
[[0;32m  OK  [0m] Started udev Coldplug all Devices.
[[0;32m  OK  [0m] Started udev Kernel Device Manager.
[[0;32m  OK  [0m] Started Dispatch Password Requests to Console Directory Watch.
[[0;32m  OK  [0m] Found device /dev/ttyS0.
[[0;32m  OK  [0m] Started Monitoring of LVM2 mirrors,...ng dmeventd or progress polling.
[[0;32m  OK  [0m] Reached target Local File Systems (Pre).
[[0;32m  OK  [0m] Reached target Local File Systems.
         Starting Tell Plymouth To Write Out Runtime Data...
         Starting Commit a transient machine-id on disk...
         Starting Initial cloud-init job (pre-networking)...
         Starting LSB: AppArmor initialization...
         Starting Set console font and keymap...
         Starting Create Volatile Files and Directories...
[[0;32m  OK  [0m] Started Tell Plymouth To Write Out Runtime Data.
[[0;32m  OK  [0m] Started Create Volatile Files and Directories.
         Starting Update UTMP about System Boot/Shutdown...
[[0;32m  OK  [0m] Listening on Load/Save RF Kill Switch Status /dev/rfkill Watch.
[[0;32m  OK  [0m] Started Commit a transient machine-id on disk.
[[0;32m  OK  [0m] Started Update UTMP about System Boot/Shutdown.
[[0;32m  OK  [0m] Started LSB: AppArmor initialization.
[[0;32m  OK  [0m] Started Set console font and keymap.
[[0;32m  OK  [0m] Created slice system-getty.slice.
[    8.154746] cloud-init[547]: Cloud-init v. 18.2 running 'init-local' at Mon, 30 Sep 2019 14:15:50 +0000. Up 7.87 seconds.
[[0;32m  OK  [0m] Started Initial cloud-init job (pre-networking).
[[0;32m  OK  [0m] Reached target Network (Pre).
         Starting Raise network interfaces...
[[0;32m  OK  [0m] Started Raise network interfaces.
         Starting Initial cloud-init job (metadata service crawler)...
[[0;32m  OK  [0m] Reached target Network.
[    9.251671] cloud-init[976]: Cloud-init v. 18.2 running 'init' at Mon, 30 Sep 2019 14:15:50 +0000. Up 8.55 seconds.
[    9.253590] cloud-init[976]: ci-info: +++++++++++++++++++++++++++++++++++++Net device info++++++++++++++++++++++++++++++++++++++
[    9.255384] cloud-init[976]: ci-info: +--------+------+----------------------------+---------------+-------+-------------------+
[    9.257422] cloud-init[976]: ci-info: | Device |  Up  |          Address           |      Mask     | Scope |     Hw-Address    |
[    9.259435] cloud-init[976]: ci-info: +--------+------+----------------------------+---------------+-------+-------------------+
[    9.261564] cloud-init[976]: ci-info: | enp0s3 | True |         10.0.2.15          | 255.255.255.0 |   .   | 02:70:57:db:6d:ee |
[    9.268856] cloud-init[976]: ci-info: | enp0s3 | True | fe80::70:57ff:fedb:6dee/64 |       .       |  link | 02:70:57:db:6d:ee |
[    9.276828] cloud-init[976]: ci-info: |   lo   | True |         127.0.0.1          |   255.0.0.0   |   .   |         .         |
[    9.278773] cloud-init[976]: ci-info: |   lo   | True |          ::1/128           |       .       |  host |         .         |
[    9.280638] cloud-init[976]: ci-info: +--------+------+----------------------------+---------------+-------+-------------------+
[    9.282321] cloud-init[976]: ci-info: +++++++++++++++++++++++++++Route IPv4 info++++++++++++++++++++++++++++
[    9.284010] cloud-init[976]: ci-info: +-------+-------------+----------+---------------+-----------+-------+
[    9.285757] cloud-init[976]: ci-info: | Route | Destination | Gateway  |    Genmask    | Interface | Flags |
[    9.287492] cloud-init[976]: ci-info: +-------+-------------+----------+---------------+-----------+-------+
[    9.289315] cloud-init[976]: ci-info: |   0   |   0.0.0.0   | 10.0.2.2 |    0.0.0.0    |   enp0s3  |   UG  |
[    9.291119] cloud-init[976]: ci-info: |   1   |   10.0.2.0  | 0.0.0.0  | 255.255.255.0 |   enp0s3  |   U   |
[    9.292797] cloud-init[976]: ci-info: +-------+-------------+----------+---------------+-----------+-------+
[    9.294368] cloud-init[976]: Generating public/private rsa key pair.
[    9.295574] cloud-init[976]: Your identification has been saved in /etc/ssh/ssh_host_rsa_key.
[    9.297073] cloud-init[976]: Your public key has been saved in /etc/ssh/ssh_host_rsa_key.pub.
[    9.298753] cloud-init[976]: The key fingerprint is:
[    9.299832] cloud-init[976]: SHA256:nN04E1jlsTF2TZJK0as3r2AxNHUO34Hmp8eCF3ur7fY root@ubuntu-xenial
[    9.301767] cloud-init[976]: The key's randomart image is:
[    9.302933] cloud-init[976]: +---[RSA 2048]----+
[    9.304153] cloud-init[976]: |          ..Bo*=o|
[    9.305159] cloud-init[976]: |         o o.Xo*+|
[    9.306251] cloud-init[976]: |        . ..B. .+|
[    9.307260] cloud-init[976]: |       . o =.+.. |
[    9.308294] cloud-init[976]: |        S = =.*  |
[    9.309332] cloud-init[976]: |           +.Bo+ |
[    9.310345] cloud-init[976]: |            +.+o.|
[    9.311296] cloud-init[976]: |           . ..o.|
[    9.312281] cloud-init[976]: |             .=+E|
[    9.313423] cloud-init[976]: +----[SHA256]-----+
[    9.314447] cloud-init[976]: Generating public/private dsa key pair.
[    9.315758] cloud-init[976]: Your identification has been saved in /etc/ssh/ssh_host_dsa_key.
[    9.317466] cloud-init[976]: Your public key has been saved in /etc/ssh/ssh_host_dsa_key.pub.
[    9.319069] cloud-init[976]: The key fingerprint is:
[    9.320260] cloud-init[976]: SHA256:HYeANj2aA+iL1qkvkIITX/DFDTwtbtsVdUg+f+Bc/5Y root@ubuntu-xenial
[    9.321876] cloud-init[976]: The key's randomart image is:
[    9.323057] cloud-init[976]: +---[DSA 1024]----+
[    9.324026] cloud-init[976]: |   . o.*.  oo..  |
[    9.324995] cloud-init[976]: |  o . X =..o..   |
[    9.325862] cloud-init[976]: | . o = * .o.+ . .|
[    9.326826] cloud-init[976]: |. . o *  ..o = o.|
[    9.327769] cloud-init[976]: |.=.o.. +S..   + o|
[    9.328703] cloud-init[976]: |B.oo  . .      .o|
[    9.329544] cloud-init[976]: |+..            Eo|
[    9.332199] [[0;32m  OK  [0m] Started Initial cloud-init job (metadata service crawler).
[[0;32m  OK  [0m] Reached target Cloud-config availability.
[[0;32m  OK  [0m] Reached target Network is Online.
cloud-init[976]: | o             . |
[    9.335686] cloud-init[976]: |  o.             |
[    9.336591] cloud-init[976]: +----[SHA256]-----+
[    9.344915]          Starting iSCSI initiator daemon (iscsid)...
[[0;32m  OK  [0m] Reached target System Initialization.
[[0;32m  OK  [0m] Listening on D-Bus System Message Bus Socket.
[[0;32m  OK  [0m] Listening on UUID daemon activation socket.
[[0;32m  OK  [0m] Started Daily Cleanup of Temporary Directories.
[[0;32m  OK  [0m] Started Daily apt download activities.
[[0;32m  OK  [0m] Started Daily apt upgrade and clean activities.
         Starting Socket activation for snappy daemon.
[[0;32m  OK  [0m] Listening on ACPID Listen Socket.
[[0;32m  OK  [0m] Reached target Timers.
cloud-init[976]: Generating public/private ecdsa key pair.         Starting LXD - unix socket.

[    9.357158] cloud-init[976]: Your identification has been saved in /etc/ssh/ssh_host_ecdsa_key.
[[0;32m  OK  [0m] Started ACPI Events Check.
[    9.359576] [[0;32m  OK  [0m] Reached target Paths.
[[0;32m  OK  [0m] Listening on Socket activation for snappy daemon.
[[0;32m  OK  [0m] Listening on LXD - unix socket.
cloud-init[976]: Your public key has been saved in /etc/ssh/ssh_host_ecdsa_key.pub.
[    9.363406] cloud-init[976]: [[0;32m  OK  [0m] Reached target Sockets.
[[0;32m  OK  [0m] Reached target Basic System.
         Starting Login Service...
The key fingerprint is:[[0;32m  OK  [0m] Started ACPI event daemon.

         Starting Accounts Service...
[    9.382640] cloud-init[976]: SHA256:UUKz17WVF2WMKPYbhSmFx8/BKQRVPfQ8qT2PSJxUrO4 root@ubuntu-xenial
         Starting Pollinate to seed the pseudo random number generator...
         Starting LSB: MD monitoring daemon...
[[0;32m  OK  [0m] Started D-Bus System Message Bus.
[    9.387942] cloud-init[976]: The key's randomart image is:
[    9.397975] cloud-init[976]: +---[ECDSA 256]---+
[    9.399431] cloud-init[976]: |       .+ oB+B=BB|
[    9.400664] cloud-init[976]: |         ==.BoBB*|
[    9.401881] cloud-init[976]: |        o..=o*.+=|
[    9.402814] cloud-init[976]: |         o o+.= .|
[    9.403756] cloud-init[976]: |        S  .++ o |
[    9.404877] cloud-init[976]: |           .o. .o|
[    9.406033] cloud-init[976]: |           .. . .|
[    9.407552] cloud-init[976]: |            E    |
[    9.420249] cloud-init[976]: |                 |
[    9.421252] cloud-init[976]: +----[SHA256]-----+
[    9.422312] cloud-init[976]: Generating public/private ed25519 key pair.
[    9.423577] cloud-init[976]: Your identification has been saved in /etc/ssh/ssh_host_ed25519_key.
[    9.436318]          Starting Apply the settings specified in cloud-config...
cloud-init[976]: Your public key has been saved in /etc/ssh/ssh_host_ed25519_key.pub.[[0;32m  OK  [0m] Started Regular background program processing daemon.
         Starting Virtualbox guest utils...
[[0;32m  OK  [0m] Started Unattended Upgrades Shutdown.
[[0;32m  OK  [0m] Started FUSE filesystem for LXC.

[    9.441629] cloud-init         Starting /etc/rc.local Compatibility...
[976]: The key fingerprint is:
[[0;32m  OK  [0m] Started Deferred execution scheduler.
[    9.444611] cloud-init         Starting LSB: Record successful boot for GRUB...
         Starting LXD - container startup/shutdown...
         Starting System Logging Service...
[976]: SHA256:3AN3Z8E1N59iRQJg6+dLrE23hbr8XhK3SEFvpgt2r6M root@ubuntu-xenial
[    9.450542] cloud-init[976]: The key's randomart image is:
[    9.451795] cloud-init[976]: +--[ED25519 256]--+
         Starting Snappy daemon...
[    9.457256] cloud-init[976]: |         o...+o*o|
[[0;32m  OK  [0m] Started iSCSI initiator daemon (iscsid).
[    9.470531] [[0;32m  OK  [0m] Started /etc/rc.local Compatibility.
cloud-init[976]: |        . . . =.*|
[    9.473722] cloud-init[976]: |        ... .+o=.|
[    9.477654] cloud-init[976]: |       ..+ ..o*  |
[    9.479911] cloud-init[976]: |        S.o+ = . |
[    9.481824] cloud-init[976]: |          =.+ B .|
[    9.483001] [[0;32m  OK  [0m] Started System Logging Service.
cloud-init[976]: |           = * = |
[    9.487508] cloud-init[976]: |          * +.*  |
[    9.488549] cloud-init[976]: |         . E==.  |
[    9.489536] cloud-init[976]: +----[SHA256]-----+
[[0;32m  OK  [0m] Started Login Service.
         Starting Authenticate and Authorize Users to Run Privileged Tasks...
         Starting Login to default iSCSI targets...
[[0;32m  OK  [0m] Started LSB: MD monitoring daemon.
[[0;32m  OK  [0m] Started LSB: Record successful boot for GRUB.
[[0;32m  OK  [0m] Started Login to default iSCSI targets.
[[0;32m  OK  [0m] Reached target Remote File Systems (Pre).
[[0;32m  OK  [0m] Reached target Remote File Systems.
         Starting LSB: daemon to balance interrupts for SMP systems...
         Starting Permit User Sessions...
         Starting LSB: automatic crash report generation...
         Starting LSB: Set the CPU Frequency Scaling governor to "ondemand"...
[[0;32m  OK  [0m] Started Authenticate and Authorize Users to Run Privileged Tasks.
[[0;32m  OK  [0m] Started Permit User Sessions.
[[0;32m  OK  [0m] Started Accounts Service.
         Starting Terminate Plymouth Boot Screen...
         Starting Hold until boot process finishes up...
[[0;32m  OK  [0m] Started LSB: Set the CPU Frequency Scaling governor to "ondemand".
[[0;32m  OK  [0m] Started Hold until boot process finishes up.
[[0;32m  OK  [0m] Started LSB: daemon to balance interrupts for SMP systems.
[[0;32m  OK  [0m] Started Terminate Plymouth Boot Screen.
         Starting Set console scheme...
[[0;32m  OK  [0m] Started Serial Getty on ttyS0.
[[0;32m  OK  [0m] Started Getty on tty1.
[[0;32m  OK  [0m] Reached target Login Prompts.
[[0;32m  OK  [0m] Started Set console scheme.
[[0;32m  OK  [0m] Started LSB: automatic crash report generation.
[[0;32m  OK  [0m] Started Virtualbox guest utils.
[[0;32m  OK  [0m] Started LXD - container startup/shutdown.
[[0;32m  OK  [0m] Started Snappy daemon.
[[0;32m  OK  [0m] Started Pollinate to seed the pseudo random number generator.
         Starting OpenBSD Secure Shell server...
[[0;32m  OK  [0m] Started OpenBSD Secure Shell server.
[[0;32m  OK  [0m] Reached target Multi-User System.
[[0;32m  OK  [0m] Reached target Graphical Interface.
         Starting Update UTMP about System Runlevel Changes...
[[0;32m  OK  [0m] Started Update UTMP about System Runlevel Changes.
[   10.060333] cloud-init[1095]: Generating locales (this might take a while)...
[   11.036312] cloud-init[1095]:   en_US.UTF-8... done
[   11.037702] cloud-init[1095]: Generation complete.
[[0;32m  OK  [0m] Created slice User Slice of vagrant.
         Starting User Manager for UID 1000...
[[0;32m  OK  [0m] Started Session 1 of user vagrant.
[[0;32m  OK  [0m] Started User Manager for UID 1000.
[   11.378078] cloud-init[1095]: Cloud-init v. 18.2 running 'modules:config' at Mon, 30 Sep 2019 14:15:52 +0000. Up 9.94 seconds.
[[0;32m  OK  [0m] Started Apply the settings specified in cloud-config.
         Starting Execute cloud user/final scripts...
ci-info: no authorized ssh keys fingerprints found for user ubuntu.
<14>Sep 30 14:15:54 ec2: 
<14>Sep 30 14:15:54 ec2: #############################################################
<14>Sep 30 14:15:54 ec2: -----BEGIN SSH HOST KEY FINGERPRINTS-----
<14>Sep 30 14:15:54 ec2: 1024 SHA256:HYeANj2aA+iL1qkvkIITX/DFDTwtbtsVdUg+f+Bc/5Y root@ubuntu-xenial (DSA)
<14>Sep 30 14:15:54 ec2: 256 SHA256:UUKz17WVF2WMKPYbhSmFx8/BKQRVPfQ8qT2PSJxUrO4 root@ubuntu-xenial (ECDSA)
<14>Sep 30 14:15:54 ec2: 256 SHA256:3AN3Z8E1N59iRQJg6+dLrE23hbr8XhK3SEFvpgt2r6M root@ubuntu-xenial (ED25519)
<14>Sep 30 14:15:54 ec2: 2048 SHA256:nN04E1jlsTF2TZJK0as3r2AxNHUO34Hmp8eCF3ur7fY root@ubuntu-xenial (RSA)
<14>Sep 30 14:15:54 ec2: -----END SSH HOST KEY FINGERPRINTS-----
<14>Sep 30 14:15:54 ec2: #############################################################
-----BEGIN SSH HOST KEY KEYS-----
ecdsa-sha2-nistp256 AAAAE2VjZHNhLXNoYTItbmlzdHAyNTYAAAAIbmlzdHAyNTYAAABBBMHXUmROik3r1NYM+azMfQD2mG59F7MKKGbXmgOZq0Al8uqtEAauA3ndfzK4cGiY69pHG5fLmT7wHnSkpivhTQg= root@ubuntu-xenial
ssh-ed25519 AAAAC3NzaC1lZDI1NTE5AAAAINQEGGWTyZg2EwD70uhwVQZeLOpksCDHagq9HZN1KFXA root@ubuntu-xenial
ssh-rsa AAAAB3NzaC1yc2EAAAADAQABAAABAQDMinOUhC6tAcqqVE+FWMyr5iNb89qZRc0JSNvydFHUmW0mL6SULUdWIemTTZy/NfLZBs14pKsYRurSeQngQ2u2w7x3K7vRpcjiCbIydceAwxIzcEAbnZA74rwE/jhdJPBhLm0Uw8V7LyVLMP2cKUeKcasNyVlZa4/olNat9JH2nO2DPLVXCFsv2GkgVBvDqCgJg1EzUPyLeEb1WAiqRRcXsj78Yn5I3X33ZHMYKH804vKyH2njD12sHWmYLigOIIK8kGFa9Hy+uvbP5BtsgqX3I40CyVtTW1dXUFarFT6TIrHhcYamK3qbKEsD91lcGwtgKRvb/gOn59fkwcrzNmkl root@ubuntu-xenial
-----END SSH HOST KEY KEYS-----
[   11.913314] cloud-init[1401]: Cloud-init v. 18.2 running 'modules:final' at Mon, 30 Sep 2019 14:15:54 +0000. Up 11.74 seconds.
[   11.915948] cloud-init[1401]: ci-info: no authorized ssh keys fingerprints found for user ubuntu.
[   11.918068] cloud-init[1401]: Cloud-init v. 18.2 finished at Mon, 30 Sep 2019 14:15:54 +0000. Datasource DataSourceNoCloud [seed=/dev/sdb][dsmode=net].  Up 11.90 seconds
[[0;32m  OK  [0m] Started Execute cloud user/final scripts.
[[0;32m  OK  [0m] Reached target Cloud-init target.

Ubuntu 16.04.4 LTS ubuntu-xenial ttyS0

ubuntu-xenial login: 